> abdelrahman-el-bahnsy@0.0.0 build
> vite build

vite v8.1.0 building client environment for production...
transforming...✓ 443 modules transformed.
rendering chunks...
computing gzip size...
dist/index.html                               3.22 kB │ gzip:   1.11 kB
dist/assets/Home-CeYfhhVD.css                 9.68 kB │ gzip:   1.82 kB
dist/assets/index-Bq4xQ1l2.css               53.49 kB │ gzip:   9.65 kB
dist/assets/loader-circle-BBz8d62O.js         0.13 kB │ gzip:   0.14 kB
dist/assets/user-Danzat2K.js                  0.18 kB │ gzip:   0.17 kB
dist/assets/chart-column-Bc0B4lhB.js          0.23 kB │ gzip:   0.18 kB
dist/assets/save-Bu5lMyS7.js                  0.31 kB │ gzip:   0.21 kB
dist/assets/x-CJOiYkad.js                     0.50 kB │ gzip:   0.27 kB
dist/assets/storage-CjQOuorw.js               0.60 kB │ gzip:   0.41 kB
dist/assets/firestore-CN8pPJBJ.js             0.62 kB │ gzip:   0.34 kB
dist/assets/TechTags-Bqq-A59q.js              1.13 kB │ gzip:   0.62 kB
dist/assets/analytics-CUWAb8mZ.js             1.72 kB │ gzip:   0.83 kB
dist/assets/SingleDocManager-Bj0cwWWd.js      2.37 kB │ gzip:   1.07 kB
dist/assets/ForgotPassword-BUe3SF7e.js        3.09 kB │ gzip:   1.42 kB
dist/assets/AnalyticsDashboard-DVhpZWOi.js    4.38 kB │ gzip:   1.58 kB
dist/assets/Login-BvscqoJ_.js                 4.47 kB │ gzip:   1.75 kB
dist/assets/GenericListManager-LiMan23C.js    5.06 kB │ gzip:   1.84 kB
dist/assets/ProfileManager-CmYZBYNG.js        6.02 kB │ gzip:   1.85 kB
dist/assets/Admin-D4F2fyw2.js                 8.79 kB │ gzip:   3.22 kB
dist/assets/dist--nj-zmt_.js                 13.20 kB │ gzip:   5.31 kB
dist/assets/ProjectsManager-wAukGS7r.js      13.97 kB │ gzip:   4.37 kB
dist/assets/proxy-Bz4l1GR3.js               121.13 kB │ gzip:  39.34 kB
dist/assets/Home-DSom5STf.js                187.15 kB │ gzip:  51.89 kB
dist/assets/index-DMX-ntSX.js               813.66 kB │ gzip: 246.34 kB

✓ built in 2.36s
[plugin builtin:vite-reporter] 
(!) Some chunks are larger than 500 kB after minification. Consider:
- Using dynamic import() to code-split the application
- Use build.rolldownOptions.output.codeSplitting to improve chunking: https://rolldown.rs/reference/OutputOptions.codeSplitting
- Adjust chunk size limit for this warning via build.chunkSizeWarningLimit.
